2024-05-03 16:05:20.330021 
'NoneType' object has no attribute 'write'
'NoneType' object has no attribute 'write'
2024-05-03 16:05:45.665993 
'NoneType' object has no attribute 'write'
'NoneType' object has no attribute 'write'
2024-05-14 09:04:07.989895 
'NoneType' object has no attribute 'write'
'NoneType' object has no attribute 'write'
2024-05-17 19:13:57.887054 
'NoneType' object has no attribute 'write'
'NoneType' object has no attribute 'write'
2024-05-17 19:16:34.297884 
'NoneType' object has no attribute 'write'
'NoneType' object has no attribute 'write'
2024-05-17 19:17:51.326763 
'NoneType' object has no attribute 'write'
'NoneType' object has no attribute 'write'
2024-05-17 19:18:27.647582 
'NoneType' object has no attribute 'write'
'NoneType' object has no attribute 'write'
2024-05-20 14:10:03.028457 
'NoneType' object has no attribute 'write'
'NoneType' object has no attribute 'write'
2024-05-20 14:14:46.917864 
'NoneType' object has no attribute 'write'
'NoneType' object has no attribute 'write'
2024-05-20 14:15:40.069460 
'NoneType' object has no attribute 'write'
'NoneType' object has no attribute 'write'
2024-05-20 14:17:45.501628 
'NoneType' object has no attribute 'write'
'NoneType' object has no attribute 'write'
2024-05-20 14:18:49.417107 
'NoneType' object has no attribute 'write'
'NoneType' object has no attribute 'write'
2024-05-20 14:19:50.632739 
'NoneType' object has no attribute 'write'
'NoneType' object has no attribute 'write'
2024-05-20 14:22:23.957763 
'NoneType' object has no attribute 'write'
'NoneType' object has no attribute 'write'
2024-05-20 14:27:50.941321 
'NoneType' object has no attribute 'write'
'NoneType' object has no attribute 'write'
2024-05-20 14:29:30.354488 
'NoneType' object has no attribute 'write'
'NoneType' object has no attribute 'write'
2024-05-20 14:31:30.763482 
'NoneType' object has no attribute 'write'
'NoneType' object has no attribute 'write'
2024-05-20 14:35:53.106656 
'NoneType' object has no attribute 'write'
'NoneType' object has no attribute 'write'
2024-05-20 14:36:51.654911 
'NoneType' object has no attribute 'write'
'NoneType' object has no attribute 'write'
2024-05-20 14:59:44.067628 
'NoneType' object has no attribute 'write'
'NoneType' object has no attribute 'write'
2024-05-31 20:13:57.921074 
'NoneType' object has no attribute 'write'
'NoneType' object has no attribute 'write'
2024-06-11 15:50:02.873290 
'NoneType' object has no attribute 'write'
'NoneType' object has no attribute 'write'
2024-06-11 15:50:51.548303 
'NoneType' object has no attribute 'write'
'NoneType' object has no attribute 'write'
